** Drc report for Geedo_PCB_v4.kicad_pcb **
** Created on 2026-07-25T18:14:53-0700 **

** Found 4 DRC violations **
[lib_footprint_mismatch]: Footprint 'XCVR_ESP32-C3-MINI-1-N4' does not match copy in library 'ESP_Custom'.
    Local override; warning
    @(97.1750 mm, 105.2100 mm): Footprint U3
[copper_edge_clearance]: Board edge clearance violation (board setup constraints edge clearance 0.5000 mm; actual 0.3483 mm)
    Rule: board setup constraints edge; error
    @(119.0000 mm, 126.5000 mm): Segment on Edge.Cuts
    @(112.3590 mm, 126.0267 mm): Track [Net-(J1-CC2)] on F.Cu, length 7.5044 mm
[copper_edge_clearance]: Board edge clearance violation (board setup constraints edge clearance 0.5000 mm; actual 0.3483 mm)
    Rule: board setup constraints edge; error
    @(119.0000 mm, 126.5000 mm): Segment on Edge.Cuts
    @(116.0625 mm, 123.6019 mm): Track [Net-(J1-CC2)] on F.Cu, length 3.4292 mm
[copper_edge_clearance]: Board edge clearance violation (board setup constraints edge clearance 0.5000 mm; actual 0.3483 mm)
    Rule: board setup constraints edge; error
    @(119.0000 mm, 126.5000 mm): Segment on Edge.Cuts
    @(113.6377 mm, 126.0267 mm): Track [Net-(J1-CC2)] on F.Cu, length 1.2787 mm

** Found 0 unconnected pads **

** Found 0 Footprint errors **

** End of Report **
